error: test failed, to rerun pass `-p openscad-eval --lib`
